[2026-04-27 20:44:15,467] INFO accounts OTP generated for +919876543210 (ID: 30983a1f-1489-42ed-82f2-0e670dee1615, expires: 2026-04-27 15:19:15.461643+00:00)
[2026-04-27 20:44:15,467] INFO accounts [DEV SMS] OTP for +919876543210: 577203 (DO NOT USE IN PRODUCTION)
[2026-04-27 20:45:13,401] INFO accounts OTP generated for +919111222333 (ID: 48b7426a-ac39-4141-acb1-6385a53f004e, expires: 2026-04-27 15:20:13.394622+00:00)
[2026-04-27 20:45:13,401] INFO accounts [DEV SMS] OTP for +919111222333: 664154 (DO NOT USE IN PRODUCTION)
[2026-04-27 20:46:19,971] INFO accounts OTP generated for +919444555666 (ID: 2ceedf42-6980-4112-b340-92a4387de17b, expires: 2026-04-27 15:21:19.964051+00:00)
[2026-04-27 20:46:19,981] INFO accounts OTP verified successfully for +919444555666
[2026-04-27 20:46:32,676] INFO accounts OTP generated for +919777666555 (ID: 8bcdb84a-b7df-4002-a51e-e941cd83caf1, expires: 2026-04-27 15:21:32.668678+00:00)
[2026-04-27 20:46:32,677] INFO accounts [DEV SMS] OTP for +919777666555: 633560 (DO NOT USE IN PRODUCTION)
[2026-04-27 20:48:09,599] INFO accounts OTP generated for +919888777666 (ID: 38b5a327-a0bb-485c-99cf-9c33692aba6c, expires: 2026-04-27 15:23:09.593754+00:00)
[2026-04-27 20:48:09,600] INFO accounts [DEV SMS] OTP for +919888777666: 321247 (DO NOT USE IN PRODUCTION)
[2026-04-27 20:48:09,620] INFO accounts OTP verified successfully for +919888777666
[2026-04-28 10:51:34,157] INFO accounts OTP generated for +919000111222 (ID: 7762310d-91a5-4282-92c8-8bb201f896ac, expires: 2026-04-28 05:26:34.146775+00:00)
[2026-04-28 10:51:34,157] INFO accounts [DEV SMS] OTP for +919000111222: 615921 (DO NOT USE IN PRODUCTION)
[2026-04-28 10:52:52,657] WARNING accounts Invalid OTP attempt for +919000111222 (attempt 1/3)
[2026-04-28 10:53:33,886] INFO accounts OTP verified successfully for +919000111222
[2026-04-28 18:34:06,424] INFO appointments Appointment booked: T-001 for John Doe with Dr. Dr. Arun Kumar on 2026-04-28 at 10:00:00
[2026-04-28 18:34:06,566] INFO appointments Patient checked in: T-001
[2026-04-28 18:34:06,647] INFO appointments Vitals recorded for: T-001
[2026-04-28 18:34:06,766] INFO appointments Consultation started: T-001
[2026-04-28 18:34:07,119] INFO appointments Consultation completed: T-001
[2026-04-28 18:34:07,199] INFO prescriptions Prescription sent to pharmacy: 6b86d552-f97a-4319-a47a-945aa2feaa94
[2026-04-28 18:34:07,377] INFO prescriptions Order dispensed by Pharmacist Rahul: 62c08666-1b87-4625-8ab9-bb8871f96e7f (fully)
[2026-04-28 18:34:08,458] ERROR accounts Unhandled exception in <healthcard.views.HealthCardViewSet object at 0x0000022F48FAE310>
Traceback (most recent call last):
  File "C:\Users\SMRITHI\AppData\Local\Programs\Python\Python311\Lib\site-packages\rest_framework\views.py", line 512, in dispatch
    response = handler(request, *args, **kwargs)
               ^^^^^^^^^^^^^^^^^^^^^^^^^^^^^^^^^
  File "C:\Users\SMRITHI\LIFE_TRACK_PROJECT\backend\healthcard\views.py", line 63, in generate
    data=HealthCardSerializer(card, context={'request': request}).data,
         ^^^^^^^^^^^^^^^^^^^^^^^^^^^^^^^^^^^^^^^^^^^^^^^^^^^^^^^^^^^^^
  File "C:\Users\SMRITHI\AppData\Local\Programs\Python\Python311\Lib\site-packages\rest_framework\serializers.py", line 585, in data
    ret = super().data
          ^^^^^^^^^^^^
  File "C:\Users\SMRITHI\AppData\Local\Programs\Python\Python311\Lib\site-packages\rest_framework\serializers.py", line 251, in data
    self._data = self.to_representation(self.instance)
                 ^^^^^^^^^^^^^^^^^^^^^^^^^^^^^^^^^^^^^
  File "C:\Users\SMRITHI\AppData\Local\Programs\Python\Python311\Lib\site-packages\rest_framework\serializers.py", line 552, in to_representation
    ret[field.field_name] = field.to_representation(attribute)
                            ^^^^^^^^^^^^^^^^^^^^^^^^^^^^^^^^^^
  File "C:\Users\SMRITHI\AppData\Local\Programs\Python\Python311\Lib\site-packages\rest_framework\fields.py", line 1294, in to_representation
    assert not isinstance(value, datetime.datetime), (
AssertionError: Expected a `date`, but got a `datetime`. Refusing to coerce, as this may mean losing timezone information. Use a custom read-only field and deal with timezone issues explicitly.
[2026-04-28 18:34:35,137] ERROR accounts Unhandled exception in <healthcard.views.HealthCardViewSet object at 0x0000022F49036E50>
Traceback (most recent call last):
  File "C:\Users\SMRITHI\AppData\Local\Programs\Python\Python311\Lib\site-packages\django\db\backends\utils.py", line 105, in _execute
    return self.cursor.execute(sql, params)
           ^^^^^^^^^^^^^^^^^^^^^^^^^^^^^^^^
psycopg2.errors.UniqueViolation: duplicate key value violates unique constraint "healthcard_healthcard_card_number_key"
DETAIL:  Key (card_number)=(MC-PAT-2026-00001) already exists.


The above exception was the direct cause of the following exception:

Traceback (most recent call last):
  File "C:\Users\SMRITHI\AppData\Local\Programs\Python\Python311\Lib\site-packages\rest_framework\views.py", line 512, in dispatch
    response = handler(request, *args, **kwargs)
               ^^^^^^^^^^^^^^^^^^^^^^^^^^^^^^^^^
  File "C:\Users\SMRITHI\LIFE_TRACK_PROJECT\backend\healthcard\views.py", line 55, in generate
    card = HealthCardService.issue_card(
           ^^^^^^^^^^^^^^^^^^^^^^^^^^^^^
  File "C:\Users\SMRITHI\LIFE_TRACK_PROJECT\backend\healthcard\services.py", line 28, in issue_card
    card.save()
  File "C:\Users\SMRITHI\LIFE_TRACK_PROJECT\backend\healthcard\models.py", line 91, in save
    super().save(*args, **kwargs)
  File "C:\Users\SMRITHI\AppData\Local\Programs\Python\Python311\Lib\site-packages\django\db\models\base.py", line 902, in save
    self.save_base(
  File "C:\Users\SMRITHI\AppData\Local\Programs\Python\Python311\Lib\site-packages\django\db\models\base.py", line 1008, in save_base
    updated = self._save_table(
              ^^^^^^^^^^^^^^^^^
  File "C:\Users\SMRITHI\AppData\Local\Programs\Python\Python311\Lib\site-packages\django\db\models\base.py", line 1169, in _save_table
    results = self._do_insert(
              ^^^^^^^^^^^^^^^^
  File "C:\Users\SMRITHI\AppData\Local\Programs\Python\Python311\Lib\site-packages\django\db\models\base.py", line 1210, in _do_insert
    return manager._insert(
           ^^^^^^^^^^^^^^^^
  File "C:\Users\SMRITHI\AppData\Local\Programs\Python\Python311\Lib\site-packages\django\db\models\manager.py", line 87, in manager_method
    return getattr(self.get_queryset(), name)(*args, **kwargs)
           ^^^^^^^^^^^^^^^^^^^^^^^^^^^^^^^^^^^^^^^^^^^^^^^^^^^
  File "C:\Users\SMRITHI\AppData\Local\Programs\Python\Python311\Lib\site-packages\django\db\models\query.py", line 1873, in _insert
    return query.get_compiler(using=using).execute_sql(returning_fields)
           ^^^^^^^^^^^^^^^^^^^^^^^^^^^^^^^^^^^^^^^^^^^^^^^^^^^^^^^^^^^^^
  File "C:\Users\SMRITHI\AppData\Local\Programs\Python\Python311\Lib\site-packages\django\db\models\sql\compiler.py", line 1882, in execute_sql
    cursor.execute(sql, params)
  File "C:\Users\SMRITHI\AppData\Local\Programs\Python\Python311\Lib\site-packages\django\db\backends\utils.py", line 122, in execute
    return super().execute(sql, params)
           ^^^^^^^^^^^^^^^^^^^^^^^^^^^^
  File "C:\Users\SMRITHI\AppData\Local\Programs\Python\Python311\Lib\site-packages\django\db\backends\utils.py", line 79, in execute
    return self._execute_with_wrappers(
           ^^^^^^^^^^^^^^^^^^^^^^^^^^^^
  File "C:\Users\SMRITHI\AppData\Local\Programs\Python\Python311\Lib\site-packages\django\db\backends\utils.py", line 92, in _execute_with_wrappers
    return executor(sql, params, many, context)
           ^^^^^^^^^^^^^^^^^^^^^^^^^^^^^^^^^^^^
  File "C:\Users\SMRITHI\AppData\Local\Programs\Python\Python311\Lib\site-packages\django\db\backends\utils.py", line 100, in _execute
    with self.db.wrap_database_errors:
  File "C:\Users\SMRITHI\AppData\Local\Programs\Python\Python311\Lib\site-packages\django\db\utils.py", line 91, in __exit__
    raise dj_exc_value.with_traceback(traceback) from exc_value
  File "C:\Users\SMRITHI\AppData\Local\Programs\Python\Python311\Lib\site-packages\django\db\backends\utils.py", line 105, in _execute
    return self.cursor.execute(sql, params)
           ^^^^^^^^^^^^^^^^^^^^^^^^^^^^^^^^
django.db.utils.IntegrityError: duplicate key value violates unique constraint "healthcard_healthcard_card_number_key"
DETAIL:  Key (card_number)=(MC-PAT-2026-00001) already exists.

[2026-04-28 21:00:14,566] INFO accounts OTP generated for +912222333344 (ID: 4804cb88-9f87-4540-adda-8e4e24fe7505, expires: 2026-04-28 15:35:14.564237+00:00)
[2026-04-28 21:00:14,567] INFO accounts [DEV SMS] OTP for +912222333344: 328223 (DO NOT USE IN PRODUCTION)
[2026-04-28 21:02:07,832] INFO accounts OTP verified successfully for +912222333344
[2026-06-01 12:34:17,706] INFO accounts OTP generated for +919999988888 (ID: 1dd31cab-75a9-42d2-bbb4-cc881e583fa1, expires: 2026-06-01 07:09:17.704995+00:00)
[2026-06-01 12:34:17,706] INFO accounts [DEV SMS] OTP for +919999988888: 805221 (DO NOT USE IN PRODUCTION)
[2026-06-01 12:48:12,085] INFO accounts OTP generated for +919999988888 (ID: 6d72992a-c70a-4b6f-ac34-5162e826cabf, expires: 2026-06-01 07:23:12.084425+00:00)
[2026-06-01 12:48:12,086] INFO accounts [DEV SMS] OTP for +919999988888: 508848 (DO NOT USE IN PRODUCTION)
[2026-06-01 12:49:22,886] INFO accounts OTP verified successfully for +919999988888
[2026-06-03 11:38:04,255] ERROR accounts Unhandled exception in <accounts.views.PatientRegistrationView object at 0x0000024F4B0DE0D0>
Traceback (most recent call last):
  File "C:\Users\SMRITHI\AppData\Local\Programs\Python\Python311\Lib\site-packages\rest_framework\views.py", line 512, in dispatch
    response = handler(request, *args, **kwargs)
               ^^^^^^^^^^^^^^^^^^^^^^^^^^^^^^^^^
  File "C:\Users\SMRITHI\LIFE_TRACK_PROJECT\backend\accounts\views.py", line 272, in post
    serializer.is_valid(raise_exception=True)
  File "C:\Users\SMRITHI\AppData\Local\Programs\Python\Python311\Lib\site-packages\rest_framework\serializers.py", line 225, in is_valid
    self._validated_data = self.run_validation(self.initial_data)
                           ^^^^^^^^^^^^^^^^^^^^^^^^^^^^^^^^^^^^^^
  File "C:\Users\SMRITHI\AppData\Local\Programs\Python\Python311\Lib\site-packages\rest_framework\serializers.py", line 456, in run_validation
    value = self.to_internal_value(data)
            ^^^^^^^^^^^^^^^^^^^^^^^^^^^^
  File "C:\Users\SMRITHI\AppData\Local\Programs\Python\Python311\Lib\site-packages\rest_framework\serializers.py", line 509, in to_internal_value
    for field in fields:
  File "C:\Users\SMRITHI\AppData\Local\Programs\Python\Python311\Lib\site-packages\rest_framework\serializers.py", line 392, in _writable_fields
    for field in self.fields.values():
                 ^^^^^^^^^^^
  File "C:\Users\SMRITHI\AppData\Local\Programs\Python\Python311\Lib\site-packages\django\utils\functional.py", line 57, in __get__
    res = instance.__dict__[self.name] = self.func(instance)
                                         ^^^^^^^^^^^^^^^^^^^
  File "C:\Users\SMRITHI\AppData\Local\Programs\Python\Python311\Lib\site-packages\rest_framework\serializers.py", line 386, in fields
    for key, value in self.get_fields().items():
                      ^^^^^^^^^^^^^^^^^
  File "C:\Users\SMRITHI\AppData\Local\Programs\Python\Python311\Lib\site-packages\rest_framework\serializers.py", line 1101, in get_fields
    field_names = self.get_field_names(declared_fields, info)
                  ^^^^^^^^^^^^^^^^^^^^^^^^^^^^^^^^^^^^^^^^^^^
  File "C:\Users\SMRITHI\AppData\Local\Programs\Python\Python311\Lib\site-packages\rest_framework\serializers.py", line 1204, in get_field_names
    assert field_name in fields, (
AssertionError: The field 'is_elite_card' was declared on serializer PatientRegistrationSerializer, but has not been included in the 'fields' option.
